../Core/Src/main.c:94:5:main	16	static
../Core/Src/main.c:186:6:SystemClock_Config	96	static
../Core/Src/main.c:229:13:MX_ADC1_Init	24	static
../Core/Src/main.c:276:13:MX_CAN_Init	8	static
../Core/Src/main.c:313:13:MX_DAC_Init	16	static
../Core/Src/main.c:353:13:MX_I2C1_Init	8	static
../Core/Src/main.c:387:13:MX_TIM2_Init	32	static
../Core/Src/main.c:432:13:MX_TIM6_Init	16	static
../Core/Src/main.c:470:13:MX_TIM7_Init	16	static
../Core/Src/main.c:508:13:MX_GPIO_Init	40	static
../Core/Src/main.c:566:6:HAL_TIM_PeriodElapsedCallback	16	static
../Core/Src/main.c:581:6:HAL_GPIO_EXTI_Callback	16	static
../Core/Src/main.c:590:6:Reset_Latch	8	static
../Core/Src/main.c:601:6:Set_Dac	16	static
../Core/Src/main.c:610:6:Error_Handler	4	static,ignoring_inline_asm
